// Jest Snapshot v1, https://goo.gl/fbAQLP

exports[`Empty basic 1`] = `
<div>
  <taro-view-core
    style="flex-direction: column; color: rgb(113, 113, 122); justify-content: center; align-items: center; display: flex;"
  >
    <taro-view-core
      class="mx-empty-image"
      style="width: 128px; height: 82px;"
    />
    <taro-view-core>
      暂无数据
    </taro-view-core>
    <taro-view-core />
  </taro-view-core>
</div>
`;
